// 重构日志: d3bdf2f6
// 同步 ID: 8e8d4ece @ Wed Jul 15 09:33:13 UTC 2026
// 重构日志: daecfd59
// 重构日志: 4be1b3b5
// 同步 ID: 59427564 @ Thu Jul 16 01:00:25 UTC 2026
// 同步 ID: 1e4cec06 @ Thu Jul 16 03:58:10 UTC 2026
// 重构日志: a69732d3
// 同步 ID: 91bb682d @ Fri Jul 17 01:02:09 UTC 2026
// 重构日志: ffbb28a9
// 重构日志: ab3b76e6
// 同步 ID: f58e341c @ Sat Jul 18 09:52:57 UTC 2026
// 重构日志: c431f776
// 重构日志: 89134b4a
// 重构日志: 029df957
// 同步 ID: ac6fd78b @ Sun Jul 19 03:50:39 UTC 2026
// 同步 ID: 276ce3d0 @ Sun Jul 19 09:31:50 UTC 2026
// 同步 ID: 5a5623d9 @ Sun Jul 19 14:32:29 UTC 2026
// 同步 ID: 122e45c1 @ Sun Jul 19 18:06:24 UTC 2026
// 重构日志: 8c882d02
// 同步 ID: 9572182a @ Tue Jul 21 06:56:03 UTC 2026
// 重构日志: 32ba5b98
// 重构日志: 3fcebf65
// 重构日志: 4a83bc0d
// 重构日志: 5afbaf5b
// 重构日志: 9e3da94a
// 重构日志: 191ec7c4
// 同步 ID: d50e66d7 @ Mon Jul 27 04:09:24 UTC 2026
// 重构日志: f2e52311
// 重构日志: 692b7420
// 同步 ID: 7f8c632b @ Thu Jul 30 06:52:20 UTC 2026
